/usr/share/java/jfdesktop.jar
/usr/bin/jfdesktop
/usr/bin/jfdesktop-run
/usr/bin/jfdesktop-vol
/usr/bin/jfdesktop-show
/etc/jfdesktop/openbox.xml
/etc/jfdesktop/openbox-menu.xml
/usr/share/xsessions/jfdesktop.desktop
/usr/share/jhelp/jfdesktop.html
/usr/share/icons/hicolor/48x48/apps/jfdesktop-arrow.png
/usr/share/icons/hicolor/48x48/apps/jfdesktop-battery.png
/usr/share/icons/hicolor/48x48/apps/jfdesktop-config.png
/usr/share/icons/hicolor/48x48/apps/jfdesktop-file.png
/usr/share/icons/hicolor/48x48/apps/jfdesktop-folder.png
/usr/share/icons/hicolor/48x48/apps/jfdesktop-home.png
/usr/share/icons/hicolor/48x48/apps/jfdesktop-keyboard-down.png
/usr/share/icons/hicolor/48x48/apps/jfdesktop-keyboard.png
/usr/share/icons/hicolor/48x48/apps/jfdesktop-left.png
/usr/share/icons/hicolor/48x48/apps/jfdesktop-network.png
/usr/share/icons/hicolor/48x48/apps/jfdesktop-plug.png
/usr/share/icons/hicolor/48x48/apps/jfdesktop-plus.png
/usr/share/icons/hicolor/48x48/apps/jfdesktop-apps.png
/usr/share/icons/hicolor/48x48/apps/jfdesktop-new.png
/usr/share/icons/hicolor/48x48/apps/jfdesktop-power.png
/usr/share/icons/hicolor/48x48/apps/jfdesktop-right.png
/usr/share/icons/hicolor/48x48/apps/jfdesktop-sound.png
/usr/share/icons/hicolor/48x48/apps/jfdesktop-star.png
/usr/share/icons/hicolor/48x48/apps/jfdesktop-trash-empty.png
/usr/share/icons/hicolor/48x48/apps/jfdesktop-trash-full.png
/usr/share/icons/hicolor/48x48/apps/jfdesktop-wallpaper.png
